// Jest Snapshot v1, https://goo.gl/fbAQLP

exports[`VukHeading snapshot should match the snapshot 1`] = `
<h1
  class="text-white subpixel-antialiased leading-loose font-bold text-4xl"
/>
`;
